==============================================================================
PATH B  Sec 9-10: estimands, crossed bootstrap, claim gates
==============================================================================

12960 rollouts from manifest 01d416add89f0781
analysis seed 260921, 10000 resamples, nominal 95% intervals and central 97.5% for the two co-primary gates

==============================================================================
CO-PRIMARY ESTIMANDS (Sec 1.2 / 9.2)
==============================================================================

  D21 = Delta(step) for M2-M1: changing context vs trained constant context
    point estimate -0.1103 m
    95%   [-0.1586, -0.0663] *
    97.5% [-0.1663, -0.0605] *   <- the co-primary gate interval
      healthy     -0.0162 m over 60 scenarios
      actuator    -0.0428 m over 60 scenarios
      perception  -0.1855 m over 60 scenarios
      combined    -0.1967 m over 60 scenarios

  D25 = Delta(smooth_dock) for M2-M5: complete learned-MPC pipeline vs nominal feedback/repair
    point estimate -0.0276 m
    95%   [-0.0703, +0.0105]  
    97.5% [-0.0779, +0.0164]     <- the co-primary gate interval
      healthy     -0.0140 m over 60 scenarios
      actuator    -0.0221 m over 60 scenarios
      perception  -0.0277 m over 60 scenarios
      combined    -0.0465 m over 60 scenarios

==============================================================================
SECONDARY CONTRASTS (descriptive, Sec 9.3)
==============================================================================
  contrast     family            mean             95% interval  description
  M3-M2        step           +0.1256 [  +0.0820,   +0.1716] * behavioural loss
  M3-M2        smooth_dock    +0.0561 [  +0.0263,   +0.0919] * behavioural loss
  M2-Mmotion   step           -0.0044 [  -0.0322,   +0.0202]   estimator-diagnostic channels
  M2-Mmotion   smooth_dock    -0.0110 [  -0.0333,   +0.0092]   estimator-diagnostic channels
  M2-Roff      step           -0.4960 [  -0.6068,   -0.3919] * finite proposal repair
  M2-Roff      smooth_dock    -1.7926 [  -1.9668,   -1.6161] * finite proposal repair
  M2-M0        step           -0.0734 [  -0.1194,   -0.0325] * learned residual
  M2-M0        smooth_dock    -0.0299 [  -0.0693,   +0.0032]   learned residual
  M2-M5        step           +0.0946 [  +0.0533,   +0.1377] * learned-MPC pipeline
  M2-M5        smooth_dock    -0.0276 [  -0.0694,   +0.0113]   learned-MPC pipeline
  M2-M1        step           -0.1103 [  -0.1584,   -0.0660] * changing context
  M2-M1        smooth_dock    -0.0564 [  -0.1011,   -0.0211] * changing context

==============================================================================
TASK COMPLETION DIFFERENCES (descriptive; both frames, never merged)
==============================================================================
  M2-M1      step         achieved, true state       -0.0025  95% [-0.0342, +0.0283]
  M2-M5      smooth_dock  achieved, true state       +0.0058  95% [-0.0300, +0.0408]
  M2-M1      step         declared, estimated state  +0.0342  95% [+0.0150, +0.0567] *
  M2-M5      smooth_dock  declared, estimated state  +0.0092  95% [-0.0275, +0.0442]

==============================================================================
THE ESTIMATION GAP (declared but not achieved), by condition
==============================================================================
  method    family            healthy    actuator  perception    combined
  M0        step                0.000       0.017       0.000       0.017
  M0        smooth_dock         0.000       0.000       0.033       0.050
  M1        step                0.000       0.003       0.000       0.000
  M1        smooth_dock         0.000       0.000       0.043       0.017
  M2        step                0.000       0.007       0.010       0.010
  M2        smooth_dock         0.000       0.000       0.057       0.070
  M3        step                0.000       0.000       0.000       0.000
  M3        smooth_dock         0.000       0.000       0.060       0.033
  M5        step                0.000       0.000       0.033       0.017
  M5        smooth_dock         0.000       0.000       0.050       0.050
  Mmotion   step                0.000       0.000       0.013       0.000
  Mmotion   smooth_dock         0.000       0.000       0.067       0.050
  Roff      step                0.000       0.000       0.000       0.000
  Roff      smooth_dock         0.000       0.000       0.000       0.000

==============================================================================
CLAIM GATES (Sec 10: these decide WORDING, not desirability)
==============================================================================

  10.1  dynamic_context_rmse         -> SUPPORTED
        Changing context attains lower condition-balanced post-onset position RMSE than the trained static-context baseline on the retained step task.

  10.2  learned_mpc_pipeline_rmse    -> UNRESOLVED
        M5 is indistinguishable from the learned-MPC pipeline on this endpoint. Say so plainly.

  10.3  multimodal_streams           -> UNRESOLVED
        The incremental value of the explicit estimator-diagnostic channels is not established. The title is retained, the input composition is described prec

  10.4  behavioural_loss             -> ADVERSE
        Behavioural supervision is reported as an ablation that did not help. The development grid selected weight zero, so M2 is the selected method and M3 i

  10.5  repeated_check               -> REDUNDANT_UNDER_PRECEDING_SCREEN
        The repeated post-allocation check is REDUNDANT under the screen that precedes it: over the development stop-gate episodes it never fired and disablin

  10.5  finite_repair                -> SUPPORTED
        Finite proposal repair improves tracking, measured against a clean R-off variant in which both arms trial-allocate their own proposal and both apply t

  10.6  certificate_and_safety       -> NOT_CLAIMED
        No verified invariant region, calibrated safety probability, collision-free, continuous-time safety or guaranteed recovery claim is made. The transmit

wrote results/pathb6_analysis.json (552s)
