==============================================================================
STAGE 6  method variants and the matched comparison table
==============================================================================

frozen supervision design: lambda=0.9918  lam0=0.95  w_effort=10000  |K|max=27.38
  certificate nonempty at this design? False  -> the design below is OPERATIONAL supervision, not a certified region

--- calibration pass (split 0, check disabled)
     calib tol: 25/25 done in 4s (12 workers)
     calib tol: 25/25 done in 4s (12 workers)
    recovery tolerance   = 0.984 m  (p90 of zero-context healthy terminal error)
     calib R,eta: 100/100 done in 42s (12 workers)
     calib R,eta: 100/100 done in 42s (12 workers)
    eligibility radius R = 140.049   (p95 of ||e||_P over 60000 calibration transitions)
    one-step decrease condition is VIOLATED by the candidate in 80.4% of monitored steps
    conformal eta at delta=0.025 would be 3.8295, which accepts ~97.5% and is therefore near-inert
     calib eta: 160/160 done in 63s (12 workers)
     calib eta: 160/160 done in 63s (12 workers)
    eta selection on the calibration split:
      eta= 0.0000  calib RMSE 0.9256  peak 2.011  reject 0.714  <- selected
      eta= 0.5000  calib RMSE 1.2280  peak 2.087  reject 0.314
      eta= 1.0000  calib RMSE 1.6536  peak 2.482  reject 0.181
      eta= 2.0000  calib RMSE 2.1141  peak 3.381  reject 0.073
      eta= 3.8295  calib RMSE 2.3629  peak 4.081  reject 0.019

--- test grid: 2400 episodes (6 methods x 4 conditions x 60 matched seeds)
     episodes: 2400/2400 done in 730s (12 workers)
     episodes: 2400/2400 done in 730s (12 workers)

==============================================================================
MAIN COMPARISON TABLE
(recovery tolerance 0.984 m, frozen on the calibration split; hold 2.0 s)
==============================================================================
condition   method                   RMSE (m)         peak (m)      succ      t_rec (s)    act    rej
-----------------------------------------------------------------------------------------------------
healthy     zero_context        1.060+-0.119    2.00[ 2.00, 2.00]    0/0       nan[ nan, nan]    nan    nan
healthy     adaptive_mpc        1.216+-0.190    2.00[ 2.00, 2.00]    0/0       nan[ nan, nan]    nan    nan
healthy     constant_context    0.847+-0.063    2.00[ 2.00, 2.00]    0/0       nan[ nan, nan]  1.000 0.6825
healthy     no_impact           0.775+-0.048    2.00[ 2.00, 2.00]    0/0       nan[ nan, nan]  1.000 0.6974
healthy     full                0.838+-0.108    2.00[ 2.00, 2.00]    0/0       nan[ nan, nan]  1.000 0.6944
healthy     full_no_check       2.260+-0.486    3.52[ 2.98, 4.20]    0/0       nan[ nan, nan]  0.979    nan

actuator    zero_context        1.052+-0.103    2.00[ 2.00, 2.00]   60/60     9.90[ 7.2,11.3]    nan    nan
actuator    adaptive_mpc        1.274+-0.196    2.00[ 2.00, 2.10]   60/60    11.10[ 9.2,12.6]    nan    nan
actuator    constant_context    0.868+-0.074    2.00[ 2.00, 2.00]   60/60     6.20[ 1.6, 9.1]  1.000 0.6856
actuator    no_impact           0.784+-0.052    2.00[ 2.00, 2.00]  180/180    0.00[ 0.0, 2.2]  1.000 0.6958
actuator    full                0.851+-0.110    2.00[ 2.00, 2.00]  180/180    3.60[ 0.0, 7.5]  1.000 0.6955
actuator    full_no_check       2.275+-0.482    3.62[ 3.08, 4.30]   35/60    17.10[12.6,22.0]  0.979    nan

perception  zero_context        1.461+-0.434    2.07[ 2.00, 2.64]   58/60     8.20[ 6.1,10.7]    nan    nan
perception  adaptive_mpc        1.743+-0.470    2.61[ 2.18, 3.16]   50/60     9.40[ 7.6,12.3]    nan    nan
perception  constant_context    1.095+-0.198    2.00[ 2.00, 2.00]   60/60     5.10[ 1.9, 9.6]  1.000 0.7133
perception  no_impact           1.009+-0.162    2.00[ 2.00, 2.00]  179/180    0.00[ 0.0, 2.2]  1.000 0.6911
perception  full                1.067+-0.209    2.00[ 2.00, 2.00]  180/180    2.60[ 0.0, 6.9]  1.000 0.7026
perception  full_no_check       2.668+-0.551    4.38[ 3.67, 5.49]   29/60    17.20[13.6,19.7]  0.913    nan

combined    zero_context        1.349+-0.216    2.00[ 2.00, 2.37]   60/60     9.60[ 7.0,11.6]    nan    nan
combined    adaptive_mpc        1.677+-0.410    2.53[ 2.02, 3.17]   53/60     9.70[ 8.8,12.7]    nan    nan
combined    constant_context    1.079+-0.163    2.00[ 2.00, 2.00]   60/60     6.00[ 2.7, 9.5]  1.000 0.7251
combined    no_impact           0.969+-0.131    2.00[ 2.00, 2.00]  180/180    0.00[ 0.0, 2.0]  1.000 0.6835
combined    full                1.054+-0.183    2.00[ 2.00, 2.00]  178/180    3.85[ 0.0, 7.7]  1.000 0.7070
combined    full_no_check       2.626+-0.606    4.61[ 3.60, 5.75]   37/60    17.00[14.1,20.2]  0.903    nan

==============================================================================
PAIRED EFFECTS  (block bootstrap over parent episodes, 95% CI)
==============================================================================

  full - no_impact   [behavioural supervision (lambda_I)]
    healthy     dRMSE +0.0624 m  [+0.0482, +0.0776]  n=60 blocks  *
    actuator    dRMSE +0.0674 m  [+0.0543, +0.0817]  n=60 blocks  *
    perception  dRMSE +0.0587 m  [+0.0361, +0.0844]  n=60 blocks  *
    combined    dRMSE +0.0846 m  [+0.0606, +0.1104]  n=60 blocks  *

  full - constant_context   [inferring a CHANGING context]
    healthy     dRMSE -0.0097 m  [-0.0217, +0.0038]  n=60 blocks
    actuator    dRMSE -0.0162 m  [-0.0281, -0.0043]  n=60 blocks  *
    perception  dRMSE -0.0283 m  [-0.0688, +0.0113]  n=60 blocks
    combined    dRMSE -0.0249 m  [-0.0554, +0.0053]  n=60 blocks

  full - adaptive_mpc   [learned context vs adaptive MPC]
    healthy     dRMSE -0.3786 m  [-0.4217, -0.3384]  n=60 blocks  *
    actuator    dRMSE -0.4229 m  [-0.4707, -0.3774]  n=60 blocks  *
    perception  dRMSE -0.6756 m  [-0.7977, -0.5685]  n=60 blocks  *
    combined    dRMSE -0.6229 m  [-0.7149, -0.5315]  n=60 blocks  *

  full - zero_context   [vs the hardware comparator]
    healthy     dRMSE -0.2219 m  [-0.2468, -0.1978]  n=60 blocks  *
    actuator    dRMSE -0.2006 m  [-0.2208, -0.1811]  n=60 blocks  *
    perception  dRMSE -0.3935 m  [-0.5015, -0.3017]  n=60 blocks  *
    combined    dRMSE -0.2951 m  [-0.3336, -0.2563]  n=60 blocks  *

  full - full_no_check   [post-allocation acceptance check]
    healthy     dRMSE -1.4223 m  [-1.5409, -1.2979]  n=60 blocks  *
    actuator    dRMSE -1.4237 m  [-1.5410, -1.3058]  n=60 blocks  *
    perception  dRMSE -1.6006 m  [-1.7357, -1.4746]  n=60 blocks  *
    combined    dRMSE -1.5719 m  [-1.7196, -1.4386]  n=60 blocks  *

==============================================================================
SEED-LEVEL RMSE (protocol Sec 9.1: show seeds, not only pooled)
==============================================================================
method            condition         seed 0      seed 1      seed 2
constant_context  healthy           0.8473         -           -  
constant_context  actuator          0.8677         -           -  
constant_context  perception        1.0955         -           -  
constant_context  combined          1.0790         -           -  
no_impact         healthy           0.7684      0.7716      0.7856
no_impact         actuator          0.7747      0.7826      0.7951
no_impact         perception        0.9909      1.0198      1.0150
no_impact         combined          0.9580      0.9684      0.9819
full              healthy           0.8654      0.7879      0.8595
full              actuator          0.8774      0.8012      0.8758
full              perception        1.1027      1.0075      1.0915
full              combined          1.0824      0.9927      1.0871
full_no_check     healthy           2.2599         -           -  
full_no_check     actuator          2.2752         -           -  
full_no_check     perception        2.6678         -           -  
full_no_check     combined          2.6260         -           -  

==============================================================================
achieved-acceleration p95 across all healthy runs: 0.0542 +- 0.0054 m/s^2   (hardware band 0.025-0.063)
  still inside the measured hardware band: True

wrote results/stage6_methods.json (14.9 min)
