==============================================================================
STAGE 8  horizon axis and model-level metrics
==============================================================================

reusing the FROZEN Stage 6 supervision design: eta=2.0000  R=63.113  tol=0.662 m

==============================================================================
HORIZON AXIS  (closed loop; N does not enter the certificate algebraically)
==============================================================================
     horizon: 288/288 done in 370s (8 workers)
cond         N        RMSE (m)  peak (m)   accept   reject  slack<0  ms/step
----------------------------------------------------------------------------
healthy     10   0.919+-0.107      2.000   0.9971   0.0000   0.0000    15.19
healthy     12   0.926+-0.117      2.000   0.9971   0.0000   0.0000    15.42
healthy     20   1.087+-0.661      2.000   0.9689   0.0000   0.0000    16.36
healthy     30   0.944+-0.136      2.000   0.9973   0.0000   0.0000    17.39
healthy     40   0.904+-0.110      2.000   0.9973   0.0000   0.0000    18.46
healthy     50   0.900+-0.098      2.000   0.9971   0.0000   0.0000    19.75

combined    10   1.500+-0.885      2.000   0.8428   0.0000   0.0000    14.94
combined    12   1.429+-0.616      2.000   0.8307   0.0000   0.0000    14.73
combined    20   1.521+-0.848      2.000   0.8190   0.0000   0.0000    15.73
combined    30   1.430+-0.663      2.000   0.8166   0.0000   0.0000    16.45
combined    40   1.321+-0.489      2.000   0.8602   0.0000   0.0000    17.49
combined    50   1.278+-0.471      2.000   0.8753   0.0000   0.0000    18.78

--- horizon robustness: N=10 (manuscript) vs N=12 (build spec), matched draws
  healthy    dRMSE(N=10 - N=12) = -0.0068 m [-0.0321, +0.0194]  n=24  not significant
  combined   dRMSE(N=10 - N=12) = +0.0709 m [-0.1917, +0.3537]  n=24  not significant


==============================================================================
OUT-OF-DISTRIBUTION STRESS  (labelled separately, never pooled)
==============================================================================
     ood: 1280/1280 done in 902s (12 workers)
     ood: 1280/1280 done in 902s (12 workers)
stress      cond       method                   RMSE (m)  peak (m)      succ
----------------------------------------------------------------------------
mismatch    actuator   zero_context        1.038+-0.124      2.000   40/40  
mismatch    actuator   constant_context    0.877+-0.092      2.000   40/40  
mismatch    actuator   no_impact           0.795+-0.070      2.000  120/120 
mismatch    actuator   full                0.945+-0.248      2.000  119/120 
                       full - no_impact  +0.1499 [+0.1157, +0.2022]  *

mismatch    combined   zero_context        1.478+-0.505      2.116   37/40  
mismatch    combined   constant_context    1.426+-0.547      2.046   37/40  
mismatch    combined   no_impact           1.143+-0.358      2.000  115/120 
mismatch    combined   full                1.567+-0.721      2.000   96/120 
                       full - no_impact  +0.4239 [+0.2856, +0.5877]  *

transfer_ref actuator   zero_context        0.373+-0.125      0.623   35/40  
transfer_ref actuator   constant_context    0.352+-0.102      0.657   32/40  
transfer_ref actuator   no_impact           0.375+-0.113      0.689  100/120 
transfer_ref actuator   full                0.387+-0.138      0.717   96/120 
                       full - no_impact  +0.0120 [-0.0153, +0.0423]

transfer_ref combined   zero_context        1.303+-0.569      2.574   15/40  
transfer_ref combined   constant_context    0.859+-0.423      1.496   16/40  
transfer_ref combined   no_impact           0.972+-0.483      1.700   39/120 
transfer_ref combined   full                0.899+-0.387      1.797   45/120 
                       full - no_impact  -0.0728 [-0.1691, +0.0121]


==============================================================================
MODEL-LEVEL METRICS  (common held-out sequences, fixed scaling)
==============================================================================
  common held-out windows: 37696
model                pred err (scaled)   retrieval err    chance   ratio
------------------------------------------------------------------------
full_s0                       0.001609          1.0249    1.1434   0.896
full_s1                       0.001614          1.0146    1.1434   0.887
full_s2                       0.001616          1.0483    1.1434   0.917
no_impact_s0                  0.001210          1.0118    1.1434   0.885
no_impact_s1                  0.001196          1.0128    1.1434   0.886
no_impact_s2                  0.001213          1.0057    1.1434   0.880
const_s0                      0.001703             n/a       n/a     n/a
const_s1                      0.001703             n/a       n/a     n/a
const_s2                      0.001705             n/a       n/a     n/a

wrote results/stage8_horizon.json (22.8 min)
